第[1]行日志
第[2]行日志
第[3]行日志
第[4]行日志
第[5]行日志
第[6]行日志
第[7]行日志
第[8]行日志
第[9]行日志
第[10]行日志
第[11]行日志
第[12]行日志
第[13]行日志
第[14]行日志
第[15]行日志
第[16]行日志
第[17]行日志
第[18]行日志
第[19]行日志
第[20]行日志
第[21]行日志
第[22]行日志
第[23]行日志
第[24]行日志
第[25]行日志
第[26]行日志
第[27]行日志
第[28]行日志
第[29]行日志
第[30]行日志
第[31]行日志
第[32]行日志
第[33]行日志
第[34]行日志
第[35]行日志
第[36]行日志
第[37]行日志
第[38]行日志
第[39]行日志
第[40]行日志
第[41]行日志
第[42]行日志
第[43]行日志
第[44]行日志
第[45]行日志
